2025-10-04 15:14:57,527 - INFO - ==================================================
2025-10-04 15:14:57,527 - INFO - Startar väderhämtning...
2025-10-04 15:14:57,775 - INFO - Hämtat väderdata: 9.9°C, 24.1 m/s, kod 63
2025-10-04 15:14:57,787 - INFO - Data sparad i databas: 2025-10-04T15:14:57.783731
2025-10-04 15:14:57,787 - INFO - Körning slutförd framgångsrikt
2025-10-04 15:19:00,333 - INFO - Scheduler startad - kör varje timme
2025-10-04 15:19:00,333 - INFO - Schemalagd körning startar...
2025-10-04 15:19:00,333 - INFO - ==================================================
2025-10-04 15:19:00,333 - INFO - Startar väderhämtning...
2025-10-04 15:19:00,582 - INFO - Hämtat väderdata: 10.1°C, 24.1 m/s, kod 63
2025-10-04 15:19:00,591 - INFO - Data sparad i databas: 2025-10-04T15:19:00.585956
2025-10-04 15:19:00,591 - INFO - Körning slutförd framgångsrikt
2025-10-04 15:19:00,591 - INFO - Schemalagd körning slutförd
2025-10-04 15:19:13,023 - INFO - Scheduler stoppad av användare
2025-10-04 15:32:26,873 - INFO - ==================================================
2025-10-04 15:32:26,873 - INFO - Starting weather retrieval...
2025-10-04 15:32:27,127 - INFO - Fetched weather data: 10.4°C, 24.5 m/s, code 63
2025-10-04 15:32:27,137 - INFO - Data saved to database: 2025-10-04T15:32:27.128649
2025-10-04 15:32:27,137 - INFO - Execution completed successfully
2025-10-08 15:41:44,625 - INFO - ==================================================
2025-10-08 15:41:44,628 - INFO - Starting weather retrieval...
2025-10-08 15:41:44,842 - INFO - Fetched weather data: 15.9°C, 10.8 m/s, code 3
2025-10-08 15:41:44,855 - INFO - Data saved to database: 2025-10-08T15:41:44.850920
2025-10-08 15:41:44,855 - INFO - Execution completed successfully
2025-10-16 18:58:43,527 - INFO - Scheduler started
2025-10-16 18:58:43,528 - INFO - Scheduled run starting...
2025-10-16 18:58:43,528 - INFO - ==================================================
2025-10-16 18:58:43,528 - INFO - Starting weather retrieval...
2025-10-16 18:58:43,869 - INFO - Fetched weather data: 14.4°C, 16.6 m/s, code 3
2025-10-16 18:58:43,885 - INFO - Data saved to database: 2025-10-16T18:58:43.880048
2025-10-16 18:58:43,885 - INFO - Execution completed successfully
2025-10-16 18:58:43,885 - INFO - Scheduled run completed.
2025-10-16 18:59:29,549 - INFO - Scheduler stopped by user
2025-10-16 19:07:13,176 - INFO - Scheduler started
2025-10-16 19:07:13,177 - INFO - Scheduled run starting...
2025-10-16 19:07:13,177 - INFO - ==================================================
2025-10-16 19:07:13,177 - INFO - Starting weather retrieval...
2025-10-16 19:07:13,498 - INFO - Fetched weather data: 14.2°C, 16.6 m/s, code 3
2025-10-16 19:07:13,509 - INFO - Data saved to database: 2025-10-16T19:07:13.502351
2025-10-16 19:07:13,509 - INFO - Execution completed successfully
2025-10-16 19:07:13,509 - INFO - Scheduled run completed.
2025-10-16 19:07:47,395 - INFO - Scheduler stopped by user
2025-10-16 19:07:47,395 - INFO - Scheduler script started
2025-10-26 15:52:09,848 - INFO - Scheduler script started
2025-10-26 15:52:09,848 - INFO - Scheduler started
2025-10-26 15:52:09,848 - INFO - Scheduled run starting...
2025-10-26 15:52:09,848 - INFO - ==================================================
2025-10-26 15:52:09,848 - INFO - Starting weather retrieval...
2025-10-26 15:52:10,119 - INFO - Fetched weather data: 7.9°C, 14.4 m/s, code 51
2025-10-26 15:52:10,131 - INFO - Data saved to database: 2025-10-26T15:52:10.126938
2025-10-26 15:52:10,131 - INFO - Execution completed successfully
2025-10-26 15:52:10,131 - INFO - Scheduled run completed.
2025-10-26 15:52:47,107 - INFO - Scheduler stopped by user
2025-10-26 15:56:43,913 - INFO - ==================================================
2025-10-26 15:56:43,913 - INFO - Starting weather retrieval...
2025-10-26 15:56:44,186 - INFO - Fetched weather data: 7.9°C, 14.4 m/s, code 51
2025-10-26 15:56:44,199 - INFO - Data saved to database: 2025-10-26T15:56:44.188572
2025-10-26 15:56:44,199 - INFO - Execution completed successfully
